../Core/Inc/bno055_stm32.h:27:6:bno055_assignI2C	16	static
../Core/Inc/bno055_stm32.h:31:6:bno055_delay	16	static
../Core/Inc/bno055_stm32.h:39:6:bno055_writeData	40	static
../Core/Inc/bno055_stm32.h:103:6:bno055_readData	32	static
../Core/Inc/currentsensorfcn.h:37:5:calibration	64	static
../Core/Inc/currentsensorfcn.h:68:8:getFilteredValue	56	static
../Core/Inc/currentsensorfcn.h:100:8:processCurrent	24	static
../Core/Inc/currentsensorfcn.h:107:8:getCurrentValue	24	static
../Core/Inc/currentsensorfcn.h:112:8:getTorque	16	static
../Core/Src/main.c:128:5:main	128	static
../Core/Src/main.c:257:13:MX_ADC1_Init	48	static
../Core/Src/main.c:326:6:MX_ETH_Init	8	static
../Core/Src/main.c:375:13:MX_I2C1_Init	8	static
../Core/Src/main.c:423:13:MX_TIM1_Init	112	static
../Core/Src/main.c:511:13:MX_TIM2_Init	40	static
../Core/Src/main.c:556:13:MX_TIM4_Init	56	static
../Core/Src/main.c:605:6:MX_USART3_UART_Init	8	static
../Core/Src/main.c:653:13:MX_GPIO_Init	48	static
../Core/Src/main.c:686:5:__io_putchar	16	static
../Core/Src/main.c:691:6:HAL_TIM_PeriodElapsedCallback	16	static
../Core/Src/main.c:703:6:Error_Handler	4	static,ignoring_inline_asm
