../Core/Inc/bno055_stm32.h:27:6:bno055_assignI2C	16	static
../Core/Inc/bno055_stm32.h:31:6:bno055_delay	16	static
../Core/Inc/bno055_stm32.h:39:6:bno055_writeData	40	static
../Core/Inc/bno055_stm32.h:103:6:bno055_readData	32	static
../Core/Src/main.c:107:5:main	104	static
../Core/Src/main.c:194:6:MX_ETH_Init	8	static
../Core/Src/main.c:243:13:MX_I2C1_Init	8	static
../Core/Src/main.c:291:13:MX_TIM1_Init	112	static
../Core/Src/main.c:379:13:MX_TIM2_Init	40	static
../Core/Src/main.c:424:13:MX_USART3_UART_Init	8	static
../Core/Src/main.c:472:13:MX_GPIO_Init	24	static
../Core/Src/main.c:483:5:__io_putchar	16	static
../Core/Src/main.c:488:6:HAL_TIM_PeriodElapsedCallback	16	static
../Core/Src/main.c:500:6:Error_Handler	4	static,ignoring_inline_asm
