../Core/Inc/bno055_stm32.h:27:6:bno055_assignI2C	16	static
../Core/Inc/bno055_stm32.h:31:6:bno055_delay	16	static
../Core/Inc/bno055_stm32.h:39:6:bno055_writeData	40	static
../Core/Inc/bno055_stm32.h:103:6:bno055_readData	32	static
../Core/Inc/currentsensorfcn.h:37:5:calibration	64	static
../Core/Inc/currentsensorfcn.h:68:8:getFilteredValue	56	static
../Core/Inc/currentsensorfcn.h:100:8:processCurrent	24	static
../Core/Inc/currentsensorfcn.h:107:8:getCurrentValue	24	static
../Core/Inc/currentsensorfcn.h:112:8:getTorque	16	static
../Core/Src/main.c:128:5:main	144	static
../Core/Src/main.c:254:13:MX_ADC1_Init	48	static
../Core/Src/main.c:323:6:MX_ETH_Init	8	static
../Core/Src/main.c:372:13:MX_I2C1_Init	8	static
../Core/Src/main.c:420:13:MX_TIM1_Init	112	static
../Core/Src/main.c:508:13:MX_TIM2_Init	40	static
../Core/Src/main.c:553:13:MX_TIM4_Init	56	static
../Core/Src/main.c:602:6:MX_USART3_UART_Init	8	static
../Core/Src/main.c:650:13:MX_GPIO_Init	48	static
../Core/Src/main.c:683:5:__io_putchar	16	static
../Core/Src/main.c:688:6:HAL_TIM_PeriodElapsedCallback	16	static
../Core/Src/main.c:700:6:Error_Handler	4	static,ignoring_inline_asm
