../Core/Inc/bno055_stm32.h:27:6:bno055_assignI2C	16	static
../Core/Inc/bno055_stm32.h:31:6:bno055_delay	16	static
../Core/Inc/bno055_stm32.h:39:6:bno055_writeData	40	static
../Core/Inc/bno055_stm32.h:103:6:bno055_readData	32	static
../Core/Src/main.c:107:5:main	120	static
../Core/Src/main.c:202:6:MX_ETH_Init	8	static
../Core/Src/main.c:251:13:MX_I2C1_Init	8	static
../Core/Src/main.c:299:13:MX_TIM1_Init	112	static
../Core/Src/main.c:387:13:MX_TIM2_Init	40	static
../Core/Src/main.c:432:13:MX_USART3_UART_Init	8	static
../Core/Src/main.c:480:13:MX_GPIO_Init	24	static
../Core/Src/main.c:491:5:__io_putchar	16	static
../Core/Src/main.c:496:6:HAL_TIM_PeriodElapsedCallback	16	static
../Core/Src/main.c:508:6:Error_Handler	4	static,ignoring_inline_asm
