../Core/Inc/bno055_stm32.h:27:6:bno055_assignI2C	16	static
../Core/Inc/bno055_stm32.h:31:6:bno055_delay	16	static
../Core/Inc/bno055_stm32.h:39:6:bno055_writeData	40	static
../Core/Inc/bno055_stm32.h:103:6:bno055_readData	32	static
../Core/Src/main.c:88:5:main	160	static
../Core/Src/main.c:187:13:MX_I2C1_Init	8	static
../Core/Src/main.c:235:13:MX_TIM1_Init	112	static
../Core/Src/main.c:323:13:MX_TIM2_Init	40	static
../Core/Src/main.c:368:13:MX_USART3_UART_Init	8	static
../Core/Src/main.c:416:13:MX_GPIO_Init	48	static
../Core/Src/main.c:454:6:SystemClock_Config	120	static
../Core/Src/main.c:485:5:__io_putchar	24	static
../Core/Src/main.c:490:6:HAL_TIM_PeriodElapsedCallback	16	static
../Core/Src/main.c:502:6:Error_Handler	4	static,ignoring_inline_asm
