../Core/Src/main.c:107:5:main	48	static
../Core/Src/main.c:209:6:MX_ETH_Init	8	static
../Core/Src/main.c:258:13:MX_I2C1_Init	8	static
../Core/Src/main.c:306:13:MX_TIM1_Init	112	static
../Core/Src/main.c:394:13:MX_TIM2_Init	56	static
../Core/Src/main.c:443:13:MX_TIM3_Init	56	static
../Core/Src/main.c:492:13:MX_TIM4_Init	56	static
../Core/Src/main.c:541:13:MX_UART4_Init	8	static
../Core/Src/main.c:589:6:MX_USART3_UART_Init	8	static
../Core/Src/main.c:637:13:MX_GPIO_Init	48	static
../Core/Src/main.c:678:5:__io_putchar	16	static
../Core/Src/main.c:683:6:HAL_GPIO_EXTI_Callback	16	static
../Core/Src/main.c:689:6:readIMU	40	static
../Core/Src/main.c:707:6:Error_Handler	4	static,ignoring_inline_asm
