../Core/Src/main.c:113:5:main	48	static
../Core/Src/main.c:240:6:MX_ETH_Init	8	static
../Core/Src/main.c:289:13:MX_I2C1_Init	8	static
../Core/Src/main.c:337:13:MX_TIM1_Init	112	static
../Core/Src/main.c:425:13:MX_TIM2_Init	56	static
../Core/Src/main.c:474:13:MX_TIM3_Init	56	static
../Core/Src/main.c:523:13:MX_TIM4_Init	56	static
../Core/Src/main.c:572:13:MX_UART4_Init	8	static
../Core/Src/main.c:620:13:MX_USART3_UART_Init	8	static
../Core/Src/main.c:666:13:MX_DMA_Init	16	static
../Core/Src/main.c:684:13:MX_GPIO_Init	56	static
../Core/Src/main.c:754:5:UART_Send	16	static
../Core/Src/main.c:761:5:__io_putchar	16	static
../Core/Src/main.c:773:6:readIMU	40	static
../Core/Src/main.c:786:6:string2ByteArray	24	static
../Core/Src/main.c:806:6:Error_Handler	4	static,ignoring_inline_asm
