../Core/Src/main.c:106:5:main	24	static
../Core/Src/main.c:197:6:MX_ETH_Init	8	static
../Core/Src/main.c:246:13:MX_I2C1_Init	8	static
../Core/Src/main.c:294:13:MX_TIM1_Init	112	static
../Core/Src/main.c:382:13:MX_TIM2_Init	56	static
../Core/Src/main.c:431:13:MX_TIM3_Init	56	static
../Core/Src/main.c:480:13:MX_TIM4_Init	56	static
../Core/Src/main.c:529:13:MX_USART3_UART_Init	8	static
../Core/Src/main.c:577:13:MX_GPIO_Init	48	static
../Core/Src/main.c:618:5:__io_putchar	16	static
../Core/Src/main.c:623:6:HAL_GPIO_EXTI_Callback	16	static
../Core/Src/main.c:629:6:readIMU	40	static
../Core/Src/main.c:647:6:Error_Handler	4	static,ignoring_inline_asm
