../Core/Inc/currentsensorfcn.h:29:5:calibration	72	static
../Core/Inc/currentsensorfcn.h:59:8:getFilteredValue	64	static
../Core/Src/main.c:98:5:main	24	static
../Core/Src/main.c:166:13:MX_ADC1_Init	48	static
../Core/Src/main.c:234:6:MX_ETH_Init	8	static
../Core/Src/main.c:283:13:MX_TIM1_Init	112	static
../Core/Src/main.c:363:13:MX_USART3_UART_Init	8	static
../Core/Src/main.c:411:13:MX_GPIO_Init	40	static
../Core/Src/main.c:434:5:__io_putchar	16	static
../Core/Src/main.c:445:6:Error_Handler	4	static,ignoring_inline_asm
