../Core/Inc/bno055_stm32.h:27:6:bno055_assignI2C	16	static
../Core/Inc/bno055_stm32.h:31:6:bno055_delay	16	static
../Core/Inc/bno055_stm32.h:39:6:bno055_writeData	40	static
../Core/Inc/bno055_stm32.h:103:6:bno055_readData	32	static
../Core/Src/main.c:93:5:main	80	static
../Core/Src/main.c:195:6:MX_ETH_Init	8	static
../Core/Src/main.c:244:13:MX_I2C1_Init	8	static
../Core/Src/main.c:292:6:MX_USART3_UART_Init	8	static
../Core/Src/main.c:340:13:MX_GPIO_Init	40	static
../Core/Src/main.c:365:6:SystemClock_Config	120	static
../Core/Src/main.c:397:5:__io_putchar	16	static
../Core/Src/main.c:409:6:Error_Handler	4	static,ignoring_inline_asm
