../Core/Inc/currentsensorfcn.h:37:5:calibration	64	static
../Core/Inc/currentsensorfcn.h:68:8:getFilteredValue	56	static
../Core/Inc/currentsensorfcn.h:100:8:processCurrent	24	static
../Core/Inc/currentsensorfcn.h:107:8:getCurrentValue	24	static
../Core/Inc/currentsensorfcn.h:112:8:getTorque	16	static
../Core/Src/main.c:98:5:main	24	static
../Core/Src/main.c:167:13:MX_ADC1_Init	48	static
../Core/Src/main.c:235:6:MX_ETH_Init	8	static
../Core/Src/main.c:284:13:MX_TIM1_Init	112	static
../Core/Src/main.c:364:13:MX_USART3_UART_Init	8	static
../Core/Src/main.c:412:13:MX_GPIO_Init	40	static
../Core/Src/main.c:435:5:__io_putchar	16	static
../Core/Src/main.c:446:6:Error_Handler	4	static,ignoring_inline_asm
