12:15:36 **** Incremental Build of configuration Debug for project BoschImuBNO055_h7_CM4 ****
make -j8 all 
arm-none-eabi-gcc "../Core/Src/main.c" -mcpu=cortex-m4 -std=gnu11 -g3 -DDEBUG -DCORE_CM4 -DUSE_HAL_DRIVER -DSTM32H745xx -c -I../Core/Inc -I../../Drivers/STM32H7xx_HAL_Driver/Inc -I../../Drivers/STM32H7xx_HAL_Driver/Inc/Legacy -I../../Drivers/CMSIS/Device/ST/STM32H7xx/Include -I../../Drivers/CMSIS/Include -O0 -ffunction-sections -fdata-sections -Wall -fstack-usage -MMD -MP -MF"Core/Src/main.d" -MT"Core/Src/main.o" --specs=nano.specs -mfpu=fpv4-sp-d16 -mfloat-abi=hard -mthumb -o "Core/Src/main.o"
In file included from ../Core/Src/main.c:25:
../Core/Inc/bno055_stm32.h: In function 'bno055_readData':
../Core/Inc/bno055_stm32.h:104:20: warning: variable 'ret' set but not used [-Wunused-but-set-variable]
  104 |  HAL_StatusTypeDef ret;
      |                    ^~~
../Core/Src/main.c: In function 'main':
../Core/Src/main.c:136:21: warning: unused variable 'ret' [-Wunused-variable]
  136 |   HAL_StatusTypeDef ret = HAL_I2C_IsDeviceReady(&hi2c1,BNO055_I2C_ADDR << 1,5,1000);
      |                     ^~~
arm-none-eabi-gcc -o "BoschImuBNO055_h7_CM4.elf" @"objects.list"   -mcpu=cortex-m4 -T"C:\Users\Rei\Desktop\Tutti\ALESSANDRO_MARCO\Progetto_IMU\CM4\STM32H745ZITX_FLASH.ld" --specs=nosys.specs -Wl,-Map="BoschImuBNO055_h7_CM4.map" -Wl,--gc-sections -static --specs=nano.specs -mfpu=fpv4-sp-d16 -mfloat-abi=hard -mthumb -u _printf_float -u _scanf_float -Wl,--start-group -lc -lm -Wl,--end-group
Finished building target: BoschImuBNO055_h7_CM4.elf
 
arm-none-eabi-size   BoschImuBNO055_h7_CM4.elf 
arm-none-eabi-objdump -h -S  BoschImuBNO055_h7_CM4.elf  > "BoschImuBNO055_h7_CM4.list"
   text	   data	    bss	    dec	    hex	filename
  49096	    504	   1816	  51416	   c8d8	BoschImuBNO055_h7_CM4.elf
Finished building: default.size.stdout
 
Finished building: BoschImuBNO055_h7_CM4.list
 

12:15:37 Build Finished. 0 errors, 2 warnings. (took 1s.406ms)

